  CPU Time (Seconds)  Function
           13.000000  f3
           4.0000  f2
            1.0000  f1
