__libc_start_main(libc.so.6.1)
> @ 64 in main(mutatee: mutatee.c,10)
>> @ 2305843009217159488
>>>__GI___lseek(libc.so.6.1)
> @ 23 in main(mutatee: mutatee.c,10)
>> @ 2305843009217048320
>>>__GI___libc_creat(libc.so.6.1)
> @ 106 in main(mutatee: mutatee.c,10)
>> @ 2305843009217140960
>>>__pipe(libc.so.6.1)
> @ 85 in main(mutatee: mutatee.c,10)
>> @ 2305843009217029920
>>>__dup2(libc.so.6.1)
> @ 95 in main(mutatee: mutatee.c,10)
>> @ 2305843009216978496
>>>__dup(libc.so.6.1)
> @ 25 in main(mutatee: mutatee.c,10)
>>perror(libc.so.6.1)
>>> @ 2305843009216978496
>>>>__dup(libc.so.6.1)
> @ 32 in main(mutatee: mutatee.c,10)
>> @ 2305843009217122432
>>>__GI_write(libc.so.6.1)
_start(mutatee)
>__libc_start_main(libc.so.6.1)
>> @ 117 in main(mutatee: mutatee.c,10)
>>>perror_internal(libc.so.6.1)
>>>>fprintf(libc.so.6.1)
>>>>>_IO_vfprintf(libc.so.6.1)
>>>>>>buffered_vfprintf(libc.so.6.1)
>>>>>>>_IO_file_xsputn@@GLIBC_2.2(libc.so.6.1)
>>>>>>>>new_do_write(libc.so.6.1)
>>>>>>>>>_IO_file_write@@GLIBC_2.2(libc.so.6.1)
>>>>>>>>>> @ 2305843009217122432
>>>>>>>>>>>__GI_write(libc.so.6.1)
>> @ 108 in main(mutatee: mutatee.c,10)
>>>perror_internal(libc.so.6.1)
>>>>fprintf(libc.so.6.1)
>>>>>_IO_vfprintf(libc.so.6.1)
>>>>>>buffered_vfprintf(libc.so.6.1)
>>>>>>>_IO_file_xsputn@@GLIBC_2.2(libc.so.6.1)
>>>>>>>>new_do_write(libc.so.6.1)
>>>>>>>>>_IO_file_write@@GLIBC_2.2(libc.so.6.1)
>>>>>>>>>> @ 2305843009217122432
>>>>>>>>>>>__GI_write(libc.so.6.1)
>> @ 97 in main(mutatee: mutatee.c,10)
>>>perror_internal(libc.so.6.1)
>>>>fprintf(libc.so.6.1)
>>>>>_IO_vfprintf(libc.so.6.1)
>>>>>>buffered_vfprintf(libc.so.6.1)
>>>>>>>_IO_file_xsputn@@GLIBC_2.2(libc.so.6.1)
>>>>>>>>new_do_write(libc.so.6.1)
>>>>>>>>>_IO_file_write@@GLIBC_2.2(libc.so.6.1)
>>>>>>>>>> @ 2305843009217122432
>>>>>>>>>>>__GI_write(libc.so.6.1)
>> @ 87 in main(mutatee: mutatee.c,10)
>>>perror_internal(libc.so.6.1)
>>>>fprintf(libc.so.6.1)
>>>>>_IO_vfprintf(libc.so.6.1)
>>>>>>buffered_vfprintf(libc.so.6.1)
>>>>>>>_IO_file_xsputn@@GLIBC_2.2(libc.so.6.1)
>>>>>>>>new_do_write(libc.so.6.1)
>>>>>>>>>_IO_file_write@@GLIBC_2.2(libc.so.6.1)
>>>>>>>>>> @ 2305843009217122432
>>>>>>>>>>>__GI_write(libc.so.6.1)
>> @ 77 in main(mutatee: mutatee.c,10)
>>>perror_internal(libc.so.6.1)
>>>>fprintf(libc.so.6.1)
>>>>>_IO_vfprintf(libc.so.6.1)
>>>>>>buffered_vfprintf(libc.so.6.1)
>>>>>>>_IO_file_xsputn@@GLIBC_2.2(libc.so.6.1)
>>>>>>>>new_do_write(libc.so.6.1)
>>>>>>>>>_IO_file_write@@GLIBC_2.2(libc.so.6.1)
>>>>>>>>>> @ 2305843009217122432
>>>>>>>>>>>__GI_write(libc.so.6.1)
>> @ 66 in main(mutatee: mutatee.c,10)
>>>perror_internal(libc.so.6.1)
>>>>fprintf(libc.so.6.1)
>>>>>_IO_vfprintf(libc.so.6.1)
>>>>>>buffered_vfprintf(libc.so.6.1)
>>>>>>>_IO_file_xsputn@@GLIBC_2.2(libc.so.6.1)
>>>>>>>>new_do_write(libc.so.6.1)
>>>>>>>>>_IO_file_write@@GLIBC_2.2(libc.so.6.1)
>>>>>>>>>> @ 2305843009217122432
>>>>>>>>>>>__GI_write(libc.so.6.1)
>> @ 57 in main(mutatee: mutatee.c,10)
>>>perror_internal(libc.so.6.1)
>>>>fprintf(libc.so.6.1)
>>>>>_IO_vfprintf(libc.so.6.1)
>>>>>>buffered_vfprintf(libc.so.6.1)
>>>>>>>_IO_file_xsputn@@GLIBC_2.2(libc.so.6.1)
>>>>>>>>new_do_write(libc.so.6.1)
>>>>>>>>>_IO_file_write@@GLIBC_2.2(libc.so.6.1)
>>>>>>>>>> @ 2305843009217122432
>>>>>>>>>>>__GI_write(libc.so.6.1)
>> @ 45 in main(mutatee: mutatee.c,10)
>>>perror_internal(libc.so.6.1)
>>>>fprintf(libc.so.6.1)
>>>>>_IO_vfprintf(libc.so.6.1)
>>>>>>buffered_vfprintf(libc.so.6.1)
>>>>>>>_IO_file_xsputn@@GLIBC_2.2(libc.so.6.1)
>>>>>>>>new_do_write(libc.so.6.1)
>>>>>>>>>_IO_file_write@@GLIBC_2.2(libc.so.6.1)
>>>>>>>>>> @ 2305843009217122432
>>>>>>>>>>>__GI_write(libc.so.6.1)
>> @ 34 in main(mutatee: mutatee.c,10)
>>>perror_internal(libc.so.6.1)
>>>>fprintf(libc.so.6.1)
>>>>>_IO_vfprintf(libc.so.6.1)
>>>>>>buffered_vfprintf(libc.so.6.1)
>>>>>>>_IO_file_xsputn@@GLIBC_2.2(libc.so.6.1)
>>>>>>>>new_do_write(libc.so.6.1)
>>>>>>>>>_IO_file_write@@GLIBC_2.2(libc.so.6.1)
>>>>>>>>>> @ 2305843009217122432
>>>>>>>>>>>__GI_write(libc.so.6.1)
>> @ 25 in main(mutatee: mutatee.c,10)
>>>perror_internal(libc.so.6.1)
>>>>fprintf(libc.so.6.1)
>>>>>_IO_vfprintf(libc.so.6.1)
>>>>>>buffered_vfprintf(libc.so.6.1)
>>>>>>>_IO_file_xsputn@@GLIBC_2.2(libc.so.6.1)
>>>>>>>>new_do_write(libc.so.6.1)
>>>>>>>>>_IO_file_write@@GLIBC_2.2(libc.so.6.1)
>>>>>>>>>> @ 2305843009217122432
>>>>>>>>>>>__GI_write(libc.so.6.1)
__libc_start_main(libc.so.6.1)
> @ 55 in main(mutatee: mutatee.c,10)
>> @ 2305843009217103904
>>>__GI_read(libc.so.6.1)
> @ 115 in main(mutatee: mutatee.c,10)
>> @ 2305843009217085376
>>>__GI_close(libc.so.6.1)
> @ 43 in main(mutatee: mutatee.c,10)
>> @ 2305843009217066848
>>>__GI_open(libc.so.6.1)
> @ 75 in main(mutatee: mutatee.c,10)
>> @ 2305843009217178016
>>>__libc_pread(libc.so.6.1)
