  CPU Time (Seconds)  Function
           3.000000  f2
           2.0000  f3
            1.0000  f1
